AutoDock Vina v1.2.7
#################################################################
# If you used AutoDock Vina in your work, please cite:          #
#                                                               #
# J. Eberhardt, D. Santos-Martins, A. F. Tillack, and S. Forli  #
# AutoDock Vina 1.2.0: New Docking Methods, Expanded Force      #
# Field, and Python Bindings, J. Chem. Inf. Model. (2021)       #
# DOI 10.1021/acs.jcim.1c00203                                  #
#                                                               #
# O. Trott, A. J. Olson,                                        #
# AutoDock Vina: improving the speed and accuracy of docking    #
# with a new scoring function, efficient optimization and       #
# multithreading, J. Comp. Chem. (2010)                         #
# DOI 10.1002/jcc.21334                                         #
#                                                               #
# Please see https://github.com/ccsb-scripps/AutoDock-Vina for  #
# more information.                                             #
#################################################################

Scoring function : vina
Rigid receptor: <SOURCE_PROJECT>\接管推进_2026-09-27\01_计算筛选\screen_v2\inputs\receptors\M_PUB_ALL.pdbqt
Ligand: <PRIVATE_COMPUTE_ROOT>\TMC1_R2_Scratch_20260929\03_compute\formal_forward_v2_resume124\ligands\LIB_FCRHJSNRFAAYQD.pdbqt
Grid center: X 2.3955 Y -12.9641 Z 0.9145
Grid size  : X 37.687 Y 31.3744 Z 31.1908
Grid space : 0.375
Exhaustiveness: 8
CPU: 2
Verbosity: 1

WARNING: Search space volume is greater than 27000 Angstrom^3 (See FAQ)
Computing Vina grid ... done.
Performing docking (random seed: 20260927) ... 
0%   10   20   30   40   50   60   70   80   90   100%
|----|----|----|----|----|----|----|----|----|----|
***************************************************

mode |   affinity | dist from best mode
     | (kcal/mol) | rmsd l.b.| rmsd u.b.
-----+------------+----------+----------
   1       -10.02          0          0
   2       -9.413      3.173      12.25
   3        -9.32      2.583      12.28
   4       -9.306       4.57      6.684
   5       -9.245      4.889      6.573
   6       -8.973      4.558      5.711
   7       -8.926      4.283      11.64
   8       -8.715       5.16      12.33
   9       -8.655      4.103      11.53
