AutoDock Vina v1.2.7
#################################################################
# If you used AutoDock Vina in your work, please cite:          #
#                                                               #
# J. Eberhardt, D. Santos-Martins, A. F. Tillack, and S. Forli  #
# AutoDock Vina 1.2.0: New Docking Methods, Expanded Force      #
# Field, and Python Bindings, J. Chem. Inf. Model. (2021)       #
# DOI 10.1021/acs.jcim.1c00203                                  #
#                                                               #
# O. Trott, A. J. Olson,                                        #
# AutoDock Vina: improving the speed and accuracy of docking    #
# with a new scoring function, efficient optimization and       #
# multithreading, J. Comp. Chem. (2010)                         #
# DOI 10.1002/jcc.21334                                         #
#                                                               #
# Please see https://github.com/ccsb-scripps/AutoDock-Vina for  #
# more information.                                             #
#################################################################

Scoring function : vina
Rigid receptor: external_sources/M_PUB_ALL.pdbqt
Ligand: raw_runs/top10/ligands/GEN_GMELVXXUXAFBRT.pdbqt
Grid center: X 2.3955 Y -12.9641 Z 0.9145
Grid size  : X 37.687 Y 31.3744 Z 31.1908
Grid space : 0.375
Exhaustiveness: 8
CPU: 2
Verbosity: 1

WARNING: Search space volume is greater than 27000 Angstrom^3 (See FAQ)
Computing Vina grid ... done.
Performing docking (random seed: 20260927) ... 
0%   10   20   30   40   50   60   70   80   90   100%
|----|----|----|----|----|----|----|----|----|----|
***************************************************

mode |   affinity | dist from best mode
     | (kcal/mol) | rmsd l.b.| rmsd u.b.
-----+------------+----------+----------
   1       -7.315          0          0
   2        -7.19      3.887      6.051
   3       -6.887      13.96       14.9
   4       -6.819      30.74      33.41
   5       -6.577       14.4      15.73
   6       -6.519      13.35      14.34
   7       -6.517      17.84       19.2
   8       -6.503      14.77      15.79
   9        -6.38       19.6      20.83
