No template matched for residue_key='A:75'
tried 3 templates for residue_key='A:75'excess_H_ok=False
THR        heavy_miss=2 heavy_excess=0 H_excess=[] bond_miss={4} bond_excess=set()
NTHR       heavy_miss=2 heavy_excess=0 H_excess=[] bond_miss=set() bond_excess=set()
CTHR       heavy_miss=3 heavy_excess=0 H_excess=[] bond_miss={5} bond_excess={1}

matched with excess inter-residue bond(s): A:75
No template matched for residue_key='A:76'
tried 3 templates for residue_key='A:76'excess_H_ok=False
ARG        heavy_miss=6 heavy_excess=0 H_excess=[] bond_miss=set() bond_excess=set()
NARG       heavy_miss=6 heavy_excess=0 H_excess=[] bond_miss=set() bond_excess={4}
CARG       heavy_miss=7 heavy_excess=0 H_excess=[] bond_miss=set() bond_excess={1}

matched with excess inter-residue bond(s): A:76
No template matched for residue_key='A:77'
tried 3 templates for residue_key='A:77'excess_H_ok=False
GLN        heavy_miss=4 heavy_excess=0 H_excess=[] bond_miss=set() bond_excess=set()
NGLN       heavy_miss=4 heavy_excess=0 H_excess=[] bond_miss=set() bond_excess={4}
CGLN       heavy_miss=5 heavy_excess=0 H_excess=[] bond_miss=set() bond_excess={1}

matched with excess inter-residue bond(s): A:77
No template matched for residue_key='A:79'
tried 3 templates for residue_key='A:79'excess_H_ok=False
LEU        heavy_miss=3 heavy_excess=0 H_excess=[] bond_miss=set() bond_excess=set()
NLEU       heavy_miss=3 heavy_excess=0 H_excess=[] bond_miss=set() bond_excess={4}
CLEU       heavy_miss=4 heavy_excess=0 H_excess=[] bond_miss=set() bond_excess={1}

matched with excess inter-residue bond(s): A:79
No template matched for residue_key='A:81'
tried 6 templates for residue_key='A:81'excess_H_ok=False
GLU        heavy_miss=4 heavy_excess=0 H_excess=[] bond_miss=set() bond_excess=set()
NGLU       heavy_miss=4 heavy_excess=0 H_excess=[] bond_miss=set() bond_excess={4}
CGLU       heavy_miss=5 heavy_excess=0 H_excess=[] bond_miss=set() bond_excess={1}
GLH        heavy_miss=4 heavy_excess=0 H_excess=[] bond_miss=set() bond_excess=set()
NGLH       heavy_miss=4 heavy_excess=0 H_excess=[] bond_miss=set() bond_excess={4}
CGLH       heavy_miss=5 heavy_excess=0 H_excess=[] bond_miss=set() bond_excess={1}

matched with excess inter-residue bond(s): A:81
No template matched for residue_key='A:82'
tried 3 templates for residue_key='A:82'excess_H_ok=False
ARG        heavy_miss=6 heavy_excess=0 H_excess=[] bond_miss=set() bond_excess=set()
NARG       heavy_miss=6 heavy_excess=0 H_excess=[] bond_miss=set() bond_excess={4}
CARG       heavy_miss=7 heavy_excess=0 H_excess=[] bond_miss=set() bond_excess={1}

matched with excess inter-residue bond(s): A:82
No template matched for residue_key='A:84'
tried 3 templates for residue_key='A:84'excess_H_ok=False
ARG        heavy_miss=6 heavy_excess=0 H_excess=[] bond_miss=set() bond_excess=set()
NARG       heavy_miss=6 heavy_excess=0 H_excess=[] bond_miss=set() bond_excess={4}
CARG       heavy_miss=7 heavy_excess=0 H_excess=[] bond_miss=set() bond_excess={1}

matched with excess inter-residue bond(s): A:84
No template matched for residue_key='A:85'
tried 3 templates for residue_key='A:85'excess_H_ok=False
GLN        heavy_miss=4 heavy_excess=0 H_excess=[] bond_miss=set() bond_excess=set()
NGLN       heavy_miss=4 heavy_excess=0 H_excess=[] bond_miss=set() bond_excess={4}
CGLN       heavy_miss=5 heavy_excess=0 H_excess=[] bond_miss=set() bond_excess={1}

matched with excess inter-residue bond(s): A:85
No template matched for residue_key='A:86'
tried 6 templates for residue_key='A:86'excess_H_ok=False
LYS        heavy_miss=4 heavy_excess=0 H_excess=[] bond_miss=set() bond_excess=set()
NLYS       heavy_miss=4 heavy_excess=0 H_excess=[] bond_miss=set() bond_excess={4}
CLYS       heavy_miss=5 heavy_excess=0 H_excess=[] bond_miss=set() bond_excess={1}
LYN        heavy_miss=4 heavy_excess=0 H_excess=[] bond_miss=set() bond_excess=set()
NLYN       heavy_miss=4 heavy_excess=0 H_excess=[] bond_miss=set() bond_excess={4}
CLYN       heavy_miss=5 heavy_excess=0 H_excess=[] bond_miss=set() bond_excess={1}

matched with excess inter-residue bond(s): A:86
No template matched for residue_key='A:87'
tried 6 templates for residue_key='A:87'excess_H_ok=False
LYS        heavy_miss=4 heavy_excess=0 H_excess=[] bond_miss=set() bond_excess=set()
NLYS       heavy_miss=4 heavy_excess=0 H_excess=[] bond_miss=set() bond_excess={4}
CLYS       heavy_miss=5 heavy_excess=0 H_excess=[] bond_miss=set() bond_excess={1}
LYN        heavy_miss=4 heavy_excess=0 H_excess=[] bond_miss=set() bond_excess=set()
NLYN       heavy_miss=4 heavy_excess=0 H_excess=[] bond_miss=set() bond_excess={4}
CLYN       heavy_miss=5 heavy_excess=0 H_excess=[] bond_miss=set() bond_excess={1}

matched with excess inter-residue bond(s): A:87
No template matched for residue_key='A:298'
tried 6 templates for residue_key='A:298'excess_H_ok=False
LYS        heavy_miss=4 heavy_excess=0 H_excess=[] bond_miss=set() bond_excess=set()
NLYS       heavy_miss=4 heavy_excess=0 H_excess=[] bond_miss=set() bond_excess={4}
CLYS       heavy_miss=5 heavy_excess=0 H_excess=[] bond_miss=set() bond_excess={1}
LYN        heavy_miss=4 heavy_excess=0 H_excess=[] bond_miss=set() bond_excess=set()
NLYN       heavy_miss=4 heavy_excess=0 H_excess=[] bond_miss=set() bond_excess={4}
CLYN       heavy_miss=5 heavy_excess=0 H_excess=[] bond_miss=set() bond_excess={1}

matched with excess inter-residue bond(s): A:298
No template matched for residue_key='A:457'
tried 3 templates for residue_key='A:457'excess_H_ok=False
ARG        heavy_miss=6 heavy_excess=0 H_excess=[] bond_miss=set() bond_excess=set()
NARG       heavy_miss=6 heavy_excess=0 H_excess=[] bond_miss=set() bond_excess={4}
CARG       heavy_miss=7 heavy_excess=0 H_excess=[] bond_miss=set() bond_excess={1}

matched with excess inter-residue bond(s): A:457
No template matched for residue_key='A:458'
tried 3 templates for residue_key='A:458'excess_H_ok=False
VAL        heavy_miss=2 heavy_excess=0 H_excess=[] bond_miss=set() bond_excess=set()
NVAL       heavy_miss=2 heavy_excess=0 H_excess=[] bond_miss=set() bond_excess={4}
CVAL       heavy_miss=3 heavy_excess=0 H_excess=[] bond_miss=set() bond_excess={1}

matched with excess inter-residue bond(s): A:458
No template matched for residue_key='A:459'
tried 3 templates for residue_key='A:459'excess_H_ok=False
ASN        heavy_miss=3 heavy_excess=0 H_excess=[] bond_miss={0} bond_excess=set()
NASN       heavy_miss=3 heavy_excess=0 H_excess=[] bond_miss={0} bond_excess={4}
CASN       heavy_miss=4 heavy_excess=0 H_excess=[] bond_miss=set() bond_excess=set()

No template matched for residue_key='A:712'
tried 6 templates for residue_key='A:712'excess_H_ok=False
ASP        heavy_miss=3 heavy_excess=0 H_excess=[] bond_miss=set() bond_excess=set()
NASP       heavy_miss=3 heavy_excess=0 H_excess=[] bond_miss=set() bond_excess={4}
CASP       heavy_miss=4 heavy_excess=0 H_excess=[] bond_miss=set() bond_excess={1}
ASH        heavy_miss=3 heavy_excess=0 H_excess=[] bond_miss=set() bond_excess=set()
CASH       heavy_miss=4 heavy_excess=0 H_excess=[] bond_miss=set() bond_excess={1}
NASH       heavy_miss=3 heavy_excess=0 H_excess=[] bond_miss=set() bond_excess={4}

matched with excess inter-residue bond(s): A:712
No template matched for residue_key='A:715'
tried 3 templates for residue_key='A:715'excess_H_ok=False
THR        heavy_miss=2 heavy_excess=0 H_excess=[] bond_miss=set() bond_excess=set()
NTHR       heavy_miss=2 heavy_excess=0 H_excess=[] bond_miss=set() bond_excess={4}
CTHR       heavy_miss=3 heavy_excess=0 H_excess=[] bond_miss=set() bond_excess={1}

matched with excess inter-residue bond(s): A:715
No template matched for residue_key='A:716'
tried 3 templates for residue_key='A:716'excess_H_ok=False
THR        heavy_miss=2 heavy_excess=0 H_excess=[] bond_miss=set() bond_excess=set()
NTHR       heavy_miss=2 heavy_excess=0 H_excess=[] bond_miss=set() bond_excess={4}
CTHR       heavy_miss=3 heavy_excess=0 H_excess=[] bond_miss=set() bond_excess={1}

matched with excess inter-residue bond(s): A:716
No template matched for residue_key='A:838'
tried 6 templates for residue_key='A:838'excess_H_ok=False
ASP        heavy_miss=3 heavy_excess=0 H_excess=[] bond_miss=set() bond_excess=set()
NASP       heavy_miss=3 heavy_excess=0 H_excess=[] bond_miss=set() bond_excess={4}
CASP       heavy_miss=4 heavy_excess=0 H_excess=[] bond_miss=set() bond_excess={1}
ASH        heavy_miss=3 heavy_excess=0 H_excess=[] bond_miss=set() bond_excess=set()
CASH       heavy_miss=4 heavy_excess=0 H_excess=[] bond_miss=set() bond_excess={1}
NASH       heavy_miss=3 heavy_excess=0 H_excess=[] bond_miss=set() bond_excess={4}

matched with excess inter-residue bond(s): A:838
No template matched for residue_key='A:840'
tried 3 templates for residue_key='A:840'excess_H_ok=False
THR        heavy_miss=2 heavy_excess=0 H_excess=[] bond_miss=set() bond_excess=set()
NTHR       heavy_miss=2 heavy_excess=0 H_excess=[] bond_miss=set() bond_excess={4}
CTHR       heavy_miss=3 heavy_excess=0 H_excess=[] bond_miss=set() bond_excess={1}

matched with excess inter-residue bond(s): A:840
No template matched for residue_key='A:876'
tried 3 templates for residue_key='A:876'excess_H_ok=False
ARG        heavy_miss=6 heavy_excess=0 H_excess=[] bond_miss=set() bond_excess=set()
NARG       heavy_miss=6 heavy_excess=0 H_excess=[] bond_miss=set() bond_excess={4}
CARG       heavy_miss=7 heavy_excess=0 H_excess=[] bond_miss=set() bond_excess={1}

matched with excess inter-residue bond(s): A:876
No template matched for residue_key='A:877'
tried 6 templates for residue_key='A:877'excess_H_ok=False
GLU        heavy_miss=4 heavy_excess=0 H_excess=[] bond_miss=set() bond_excess=set()
NGLU       heavy_miss=4 heavy_excess=0 H_excess=[] bond_miss=set() bond_excess={4}
CGLU       heavy_miss=5 heavy_excess=0 H_excess=[] bond_miss=set() bond_excess={1}
GLH        heavy_miss=4 heavy_excess=0 H_excess=[] bond_miss=set() bond_excess=set()
NGLH       heavy_miss=4 heavy_excess=0 H_excess=[] bond_miss=set() bond_excess={4}
CGLH       heavy_miss=5 heavy_excess=0 H_excess=[] bond_miss=set() bond_excess={1}

matched with excess inter-residue bond(s): A:877
No template matched for residue_key='A:881'
tried 6 templates for residue_key='A:881'excess_H_ok=False
ASP        heavy_miss=3 heavy_excess=0 H_excess=[] bond_miss=set() bond_excess=set()
NASP       heavy_miss=3 heavy_excess=0 H_excess=[] bond_miss=set() bond_excess={4}
CASP       heavy_miss=4 heavy_excess=0 H_excess=[] bond_miss=set() bond_excess={1}
ASH        heavy_miss=3 heavy_excess=0 H_excess=[] bond_miss=set() bond_excess=set()
CASH       heavy_miss=4 heavy_excess=0 H_excess=[] bond_miss=set() bond_excess={1}
NASH       heavy_miss=3 heavy_excess=0 H_excess=[] bond_miss=set() bond_excess={4}

matched with excess inter-residue bond(s): A:881
No template matched for residue_key='A:883'
tried 3 templates for residue_key='A:883'excess_H_ok=False
GLN        heavy_miss=4 heavy_excess=0 H_excess=[] bond_miss=set() bond_excess=set()
NGLN       heavy_miss=4 heavy_excess=0 H_excess=[] bond_miss=set() bond_excess={4}
CGLN       heavy_miss=5 heavy_excess=0 H_excess=[] bond_miss=set() bond_excess={1}

matched with excess inter-residue bond(s): A:883
No template matched for residue_key='A:885'
tried 3 templates for residue_key='A:885'excess_H_ok=False
GLN        heavy_miss=4 heavy_excess=0 H_excess=[] bond_miss=set() bond_excess=set()
NGLN       heavy_miss=4 heavy_excess=0 H_excess=[] bond_miss=set() bond_excess={4}
CGLN       heavy_miss=5 heavy_excess=0 H_excess=[] bond_miss=set() bond_excess={1}

matched with excess inter-residue bond(s): A:885
No template matched for residue_key='A:886'
tried 3 templates for residue_key='A:886'excess_H_ok=False
LEU        heavy_miss=3 heavy_excess=0 H_excess=[] bond_miss={0} bond_excess=set()
NLEU       heavy_miss=3 heavy_excess=0 H_excess=[] bond_miss={0} bond_excess={4}
CLEU       heavy_miss=4 heavy_excess=0 H_excess=[] bond_miss=set() bond_excess=set()

No template matched for residue_key='B:75'
tried 3 templates for residue_key='B:75'excess_H_ok=False
THR        heavy_miss=2 heavy_excess=0 H_excess=[] bond_miss={4} bond_excess=set()
NTHR       heavy_miss=2 heavy_excess=0 H_excess=[] bond_miss=set() bond_excess=set()
CTHR       heavy_miss=3 heavy_excess=0 H_excess=[] bond_miss={5} bond_excess={1}

matched with excess inter-residue bond(s): B:75
No template matched for residue_key='B:76'
tried 3 templates for residue_key='B:76'excess_H_ok=False
ARG        heavy_miss=6 heavy_excess=0 H_excess=[] bond_miss=set() bond_excess=set()
NARG       heavy_miss=6 heavy_excess=0 H_excess=[] bond_miss=set() bond_excess={4}
CARG       heavy_miss=7 heavy_excess=0 H_excess=[] bond_miss=set() bond_excess={1}

matched with excess inter-residue bond(s): B:76
No template matched for residue_key='B:77'
tried 3 templates for residue_key='B:77'excess_H_ok=False
GLN        heavy_miss=4 heavy_excess=0 H_excess=[] bond_miss=set() bond_excess=set()
NGLN       heavy_miss=4 heavy_excess=0 H_excess=[] bond_miss=set() bond_excess={4}
CGLN       heavy_miss=5 heavy_excess=0 H_excess=[] bond_miss=set() bond_excess={1}

matched with excess inter-residue bond(s): B:77
No template matched for residue_key='B:79'
tried 3 templates for residue_key='B:79'excess_H_ok=False
LEU        heavy_miss=3 heavy_excess=0 H_excess=[] bond_miss=set() bond_excess=set()
NLEU       heavy_miss=3 heavy_excess=0 H_excess=[] bond_miss=set() bond_excess={4}
CLEU       heavy_miss=4 heavy_excess=0 H_excess=[] bond_miss=set() bond_excess={1}

matched with excess inter-residue bond(s): B:79
No template matched for residue_key='B:81'
tried 6 templates for residue_key='B:81'excess_H_ok=False
GLU        heavy_miss=4 heavy_excess=0 H_excess=[] bond_miss=set() bond_excess=set()
NGLU       heavy_miss=4 heavy_excess=0 H_excess=[] bond_miss=set() bond_excess={4}
CGLU       heavy_miss=5 heavy_excess=0 H_excess=[] bond_miss=set() bond_excess={1}
GLH        heavy_miss=4 heavy_excess=0 H_excess=[] bond_miss=set() bond_excess=set()
NGLH       heavy_miss=4 heavy_excess=0 H_excess=[] bond_miss=set() bond_excess={4}
CGLH       heavy_miss=5 heavy_excess=0 H_excess=[] bond_miss=set() bond_excess={1}

matched with excess inter-residue bond(s): B:81
No template matched for residue_key='B:82'
tried 3 templates for residue_key='B:82'excess_H_ok=False
ARG        heavy_miss=6 heavy_excess=0 H_excess=[] bond_miss=set() bond_excess=set()
NARG       heavy_miss=6 heavy_excess=0 H_excess=[] bond_miss=set() bond_excess={4}
CARG       heavy_miss=7 heavy_excess=0 H_excess=[] bond_miss=set() bond_excess={1}

matched with excess inter-residue bond(s): B:82
No template matched for residue_key='B:84'
tried 3 templates for residue_key='B:84'excess_H_ok=False
ARG        heavy_miss=6 heavy_excess=0 H_excess=[] bond_miss=set() bond_excess=set()
NARG       heavy_miss=6 heavy_excess=0 H_excess=[] bond_miss=set() bond_excess={4}
CARG       heavy_miss=7 heavy_excess=0 H_excess=[] bond_miss=set() bond_excess={1}

matched with excess inter-residue bond(s): B:84
No template matched for residue_key='B:85'
tried 3 templates for residue_key='B:85'excess_H_ok=False
GLN        heavy_miss=4 heavy_excess=0 H_excess=[] bond_miss=set() bond_excess=set()
NGLN       heavy_miss=4 heavy_excess=0 H_excess=[] bond_miss=set() bond_excess={4}
CGLN       heavy_miss=5 heavy_excess=0 H_excess=[] bond_miss=set() bond_excess={1}

matched with excess inter-residue bond(s): B:85
No template matched for residue_key='B:86'
tried 6 templates for residue_key='B:86'excess_H_ok=False
LYS        heavy_miss=4 heavy_excess=0 H_excess=[] bond_miss=set() bond_excess=set()
NLYS       heavy_miss=4 heavy_excess=0 H_excess=[] bond_miss=set() bond_excess={4}
CLYS       heavy_miss=5 heavy_excess=0 H_excess=[] bond_miss=set() bond_excess={1}
LYN        heavy_miss=4 heavy_excess=0 H_excess=[] bond_miss=set() bond_excess=set()
NLYN       heavy_miss=4 heavy_excess=0 H_excess=[] bond_miss=set() bond_excess={4}
CLYN       heavy_miss=5 heavy_excess=0 H_excess=[] bond_miss=set() bond_excess={1}

matched with excess inter-residue bond(s): B:86
No template matched for residue_key='B:87'
tried 6 templates for residue_key='B:87'excess_H_ok=False
LYS        heavy_miss=4 heavy_excess=0 H_excess=[] bond_miss=set() bond_excess=set()
NLYS       heavy_miss=4 heavy_excess=0 H_excess=[] bond_miss=set() bond_excess={4}
CLYS       heavy_miss=5 heavy_excess=0 H_excess=[] bond_miss=set() bond_excess={1}
LYN        heavy_miss=4 heavy_excess=0 H_excess=[] bond_miss=set() bond_excess=set()
NLYN       heavy_miss=4 heavy_excess=0 H_excess=[] bond_miss=set() bond_excess={4}
CLYN       heavy_miss=5 heavy_excess=0 H_excess=[] bond_miss=set() bond_excess={1}

matched with excess inter-residue bond(s): B:87
No template matched for residue_key='B:298'
tried 6 templates for residue_key='B:298'excess_H_ok=False
LYS        heavy_miss=4 heavy_excess=0 H_excess=[] bond_miss=set() bond_excess=set()
NLYS       heavy_miss=4 heavy_excess=0 H_excess=[] bond_miss=set() bond_excess={4}
CLYS       heavy_miss=5 heavy_excess=0 H_excess=[] bond_miss=set() bond_excess={1}
LYN        heavy_miss=4 heavy_excess=0 H_excess=[] bond_miss=set() bond_excess=set()
NLYN       heavy_miss=4 heavy_excess=0 H_excess=[] bond_miss=set() bond_excess={4}
CLYN       heavy_miss=5 heavy_excess=0 H_excess=[] bond_miss=set() bond_excess={1}

matched with excess inter-residue bond(s): B:298
No template matched for residue_key='B:457'
tried 3 templates for residue_key='B:457'excess_H_ok=False
ARG        heavy_miss=6 heavy_excess=0 H_excess=[] bond_miss=set() bond_excess=set()
NARG       heavy_miss=6 heavy_excess=0 H_excess=[] bond_miss=set() bond_excess={4}
CARG       heavy_miss=7 heavy_excess=0 H_excess=[] bond_miss=set() bond_excess={1}

matched with excess inter-residue bond(s): B:457
No template matched for residue_key='B:458'
tried 3 templates for residue_key='B:458'excess_H_ok=False
VAL        heavy_miss=2 heavy_excess=0 H_excess=[] bond_miss=set() bond_excess=set()
NVAL       heavy_miss=2 heavy_excess=0 H_excess=[] bond_miss=set() bond_excess={4}
CVAL       heavy_miss=3 heavy_excess=0 H_excess=[] bond_miss=set() bond_excess={1}

matched with excess inter-residue bond(s): B:458
No template matched for residue_key='B:459'
tried 3 templates for residue_key='B:459'excess_H_ok=False
ASN        heavy_miss=3 heavy_excess=0 H_excess=[] bond_miss={0} bond_excess=set()
NASN       heavy_miss=3 heavy_excess=0 H_excess=[] bond_miss={0} bond_excess={4}
CASN       heavy_miss=4 heavy_excess=0 H_excess=[] bond_miss=set() bond_excess=set()

No template matched for residue_key='B:712'
tried 6 templates for residue_key='B:712'excess_H_ok=False
ASP        heavy_miss=3 heavy_excess=0 H_excess=[] bond_miss=set() bond_excess=set()
NASP       heavy_miss=3 heavy_excess=0 H_excess=[] bond_miss=set() bond_excess={4}
CASP       heavy_miss=4 heavy_excess=0 H_excess=[] bond_miss=set() bond_excess={1}
ASH        heavy_miss=3 heavy_excess=0 H_excess=[] bond_miss=set() bond_excess=set()
CASH       heavy_miss=4 heavy_excess=0 H_excess=[] bond_miss=set() bond_excess={1}
NASH       heavy_miss=3 heavy_excess=0 H_excess=[] bond_miss=set() bond_excess={4}

matched with excess inter-residue bond(s): B:712
No template matched for residue_key='B:715'
tried 3 templates for residue_key='B:715'excess_H_ok=False
THR        heavy_miss=2 heavy_excess=0 H_excess=[] bond_miss=set() bond_excess=set()
NTHR       heavy_miss=2 heavy_excess=0 H_excess=[] bond_miss=set() bond_excess={4}
CTHR       heavy_miss=3 heavy_excess=0 H_excess=[] bond_miss=set() bond_excess={1}

matched with excess inter-residue bond(s): B:715
No template matched for residue_key='B:716'
tried 3 templates for residue_key='B:716'excess_H_ok=False
THR        heavy_miss=2 heavy_excess=0 H_excess=[] bond_miss=set() bond_excess=set()
NTHR       heavy_miss=2 heavy_excess=0 H_excess=[] bond_miss=set() bond_excess={4}
CTHR       heavy_miss=3 heavy_excess=0 H_excess=[] bond_miss=set() bond_excess={1}

matched with excess inter-residue bond(s): B:716
No template matched for residue_key='B:838'
tried 6 templates for residue_key='B:838'excess_H_ok=False
ASP        heavy_miss=3 heavy_excess=0 H_excess=[] bond_miss=set() bond_excess=set()
NASP       heavy_miss=3 heavy_excess=0 H_excess=[] bond_miss=set() bond_excess={4}
CASP       heavy_miss=4 heavy_excess=0 H_excess=[] bond_miss=set() bond_excess={1}
ASH        heavy_miss=3 heavy_excess=0 H_excess=[] bond_miss=set() bond_excess=set()
CASH       heavy_miss=4 heavy_excess=0 H_excess=[] bond_miss=set() bond_excess={1}
NASH       heavy_miss=3 heavy_excess=0 H_excess=[] bond_miss=set() bond_excess={4}

matched with excess inter-residue bond(s): B:838
No template matched for residue_key='B:840'
tried 3 templates for residue_key='B:840'excess_H_ok=False
THR        heavy_miss=2 heavy_excess=0 H_excess=[] bond_miss=set() bond_excess=set()
NTHR       heavy_miss=2 heavy_excess=0 H_excess=[] bond_miss=set() bond_excess={4}
CTHR       heavy_miss=3 heavy_excess=0 H_excess=[] bond_miss=set() bond_excess={1}

matched with excess inter-residue bond(s): B:840
No template matched for residue_key='B:876'
tried 3 templates for residue_key='B:876'excess_H_ok=False
ARG        heavy_miss=6 heavy_excess=0 H_excess=[] bond_miss=set() bond_excess=set()
NARG       heavy_miss=6 heavy_excess=0 H_excess=[] bond_miss=set() bond_excess={4}
CARG       heavy_miss=7 heavy_excess=0 H_excess=[] bond_miss=set() bond_excess={1}

matched with excess inter-residue bond(s): B:876
No template matched for residue_key='B:877'
tried 6 templates for residue_key='B:877'excess_H_ok=False
GLU        heavy_miss=4 heavy_excess=0 H_excess=[] bond_miss=set() bond_excess=set()
NGLU       heavy_miss=4 heavy_excess=0 H_excess=[] bond_miss=set() bond_excess={4}
CGLU       heavy_miss=5 heavy_excess=0 H_excess=[] bond_miss=set() bond_excess={1}
GLH        heavy_miss=4 heavy_excess=0 H_excess=[] bond_miss=set() bond_excess=set()
NGLH       heavy_miss=4 heavy_excess=0 H_excess=[] bond_miss=set() bond_excess={4}
CGLH       heavy_miss=5 heavy_excess=0 H_excess=[] bond_miss=set() bond_excess={1}

matched with excess inter-residue bond(s): B:877
No template matched for residue_key='B:881'
tried 6 templates for residue_key='B:881'excess_H_ok=False
ASP        heavy_miss=3 heavy_excess=0 H_excess=[] bond_miss=set() bond_excess=set()
NASP       heavy_miss=3 heavy_excess=0 H_excess=[] bond_miss=set() bond_excess={4}
CASP       heavy_miss=4 heavy_excess=0 H_excess=[] bond_miss=set() bond_excess={1}
ASH        heavy_miss=3 heavy_excess=0 H_excess=[] bond_miss=set() bond_excess=set()
CASH       heavy_miss=4 heavy_excess=0 H_excess=[] bond_miss=set() bond_excess={1}
NASH       heavy_miss=3 heavy_excess=0 H_excess=[] bond_miss=set() bond_excess={4}

matched with excess inter-residue bond(s): B:881
No template matched for residue_key='B:883'
tried 3 templates for residue_key='B:883'excess_H_ok=False
GLN        heavy_miss=4 heavy_excess=0 H_excess=[] bond_miss=set() bond_excess=set()
NGLN       heavy_miss=4 heavy_excess=0 H_excess=[] bond_miss=set() bond_excess={4}
CGLN       heavy_miss=5 heavy_excess=0 H_excess=[] bond_miss=set() bond_excess={1}

matched with excess inter-residue bond(s): B:883
No template matched for residue_key='B:885'
tried 3 templates for residue_key='B:885'excess_H_ok=False
GLN        heavy_miss=4 heavy_excess=0 H_excess=[] bond_miss=set() bond_excess=set()
NGLN       heavy_miss=4 heavy_excess=0 H_excess=[] bond_miss=set() bond_excess={4}
CGLN       heavy_miss=5 heavy_excess=0 H_excess=[] bond_miss=set() bond_excess={1}

matched with excess inter-residue bond(s): B:885
No template matched for residue_key='B:886'
tried 3 templates for residue_key='B:886'excess_H_ok=False
LEU        heavy_miss=3 heavy_excess=0 H_excess=[] bond_miss={0} bond_excess=set()
NLEU       heavy_miss=3 heavy_excess=0 H_excess=[] bond_miss={0} bond_excess={4}
CLEU       heavy_miss=4 heavy_excess=0 H_excess=[] bond_miss=set() bond_excess=set()

No template matched for residue_key='D:18'
tried 3 templates for residue_key='D:18'excess_H_ok=False
VAL        heavy_miss=2 heavy_excess=0 H_excess=[] bond_miss={4} bond_excess=set()
NVAL       heavy_miss=2 heavy_excess=0 H_excess=[] bond_miss=set() bond_excess=set()
CVAL       heavy_miss=3 heavy_excess=0 H_excess=[] bond_miss={5} bond_excess={1}

matched with excess inter-residue bond(s): D:18
No template matched for residue_key='D:54'
tried 6 templates for residue_key='D:54'excess_H_ok=False
LYS        heavy_miss=4 heavy_excess=0 H_excess=[] bond_miss=set() bond_excess=set()
NLYS       heavy_miss=4 heavy_excess=0 H_excess=[] bond_miss=set() bond_excess={4}
CLYS       heavy_miss=5 heavy_excess=0 H_excess=[] bond_miss=set() bond_excess={1}
LYN        heavy_miss=4 heavy_excess=0 H_excess=[] bond_miss=set() bond_excess=set()
NLYN       heavy_miss=4 heavy_excess=0 H_excess=[] bond_miss=set() bond_excess={4}
CLYN       heavy_miss=5 heavy_excess=0 H_excess=[] bond_miss=set() bond_excess={1}

matched with excess inter-residue bond(s): D:54
No template matched for residue_key='D:55'
tried 3 templates for residue_key='D:55'excess_H_ok=False
ARG        heavy_miss=6 heavy_excess=0 H_excess=[] bond_miss=set() bond_excess=set()
NARG       heavy_miss=6 heavy_excess=0 H_excess=[] bond_miss=set() bond_excess={4}
CARG       heavy_miss=7 heavy_excess=0 H_excess=[] bond_miss=set() bond_excess={1}

matched with excess inter-residue bond(s): D:55
No template matched for residue_key='D:63'
tried 6 templates for residue_key='D:63'excess_H_ok=False
LYS        heavy_miss=4 heavy_excess=0 H_excess=[] bond_miss={0} bond_excess=set()
NLYS       heavy_miss=4 heavy_excess=0 H_excess=[] bond_miss={0} bond_excess={4}
CLYS       heavy_miss=5 heavy_excess=0 H_excess=[] bond_miss=set() bond_excess=set()
LYN        heavy_miss=4 heavy_excess=0 H_excess=[] bond_miss={0} bond_excess=set()
NLYN       heavy_miss=4 heavy_excess=0 H_excess=[] bond_miss={0} bond_excess={4}
CLYN       heavy_miss=5 heavy_excess=0 H_excess=[] bond_miss=set() bond_excess=set()

No template matched for residue_key='F:18'
tried 3 templates for residue_key='F:18'excess_H_ok=False
VAL        heavy_miss=2 heavy_excess=0 H_excess=[] bond_miss={4} bond_excess=set()
NVAL       heavy_miss=2 heavy_excess=0 H_excess=[] bond_miss=set() bond_excess=set()
CVAL       heavy_miss=3 heavy_excess=0 H_excess=[] bond_miss={5} bond_excess={1}

matched with excess inter-residue bond(s): F:18
No template matched for residue_key='F:54'
tried 6 templates for residue_key='F:54'excess_H_ok=False
LYS        heavy_miss=4 heavy_excess=0 H_excess=[] bond_miss=set() bond_excess=set()
NLYS       heavy_miss=4 heavy_excess=0 H_excess=[] bond_miss=set() bond_excess={4}
CLYS       heavy_miss=5 heavy_excess=0 H_excess=[] bond_miss=set() bond_excess={1}
LYN        heavy_miss=4 heavy_excess=0 H_excess=[] bond_miss=set() bond_excess=set()
NLYN       heavy_miss=4 heavy_excess=0 H_excess=[] bond_miss=set() bond_excess={4}
CLYN       heavy_miss=5 heavy_excess=0 H_excess=[] bond_miss=set() bond_excess={1}

matched with excess inter-residue bond(s): F:54
No template matched for residue_key='F:55'
tried 3 templates for residue_key='F:55'excess_H_ok=False
ARG        heavy_miss=6 heavy_excess=0 H_excess=[] bond_miss=set() bond_excess=set()
NARG       heavy_miss=6 heavy_excess=0 H_excess=[] bond_miss=set() bond_excess={4}
CARG       heavy_miss=7 heavy_excess=0 H_excess=[] bond_miss=set() bond_excess={1}

matched with excess inter-residue bond(s): F:55
No template matched for residue_key='F:63'
tried 6 templates for residue_key='F:63'excess_H_ok=False
LYS        heavy_miss=4 heavy_excess=0 H_excess=[] bond_miss={0} bond_excess=set()
NLYS       heavy_miss=4 heavy_excess=0 H_excess=[] bond_miss={0} bond_excess={4}
CLYS       heavy_miss=5 heavy_excess=0 H_excess=[] bond_miss=set() bond_excess=set()
LYN        heavy_miss=4 heavy_excess=0 H_excess=[] bond_miss={0} bond_excess=set()
NLYN       heavy_miss=4 heavy_excess=0 H_excess=[] bond_miss={0} bond_excess={4}
CLYN       heavy_miss=5 heavy_excess=0 H_excess=[] bond_miss=set() bond_excess=set()

Template padding will be used.
[32m gasteiger charges will be read from template file 
 [0m

Error: Creation of data structure for receptor failed.

Details:
- Template matching failed for: ['A:75', 'A:76', 'A:77', 'A:79', 'A:81', 'A:82', 'A:84', 'A:85', 'A:86', 'A:87', 'A:298', 'A:457', 'A:458', 'A:459', 'A:712', 'A:715', 'A:716', 'A:838', 'A:840', 'A:876', 'A:877', 'A:881', 'A:883', 'A:885', 'A:886', 'B:75', 'B:76', 'B:77', 'B:79', 'B:81', 'B:82', 'B:84', 'B:85', 'B:86', 'B:87', 'B:298', 'B:457', 'B:458', 'B:459', 'B:712', 'B:715', 'B:716', 'B:838', 'B:840', 'B:876', 'B:877', 'B:881', 'B:883', 'B:885', 'B:886', 'D:18', 'D:54', 'D:55', 'D:63', 'F:18', 'F:54', 'F:55', 'F:63']
These residues can be ignored with option --delete_bad_res or --delete_bad_res_from_box_radius.

Recommendations:
1. (for batch processing) Use -a/--allow_bad_res to automatically remove residues
that do not match templates, and --default_altloc to set
a default altloc variant. Use these at your own risk.

2. (processing individual structure) Inspecting and fixing the input structure is recommended.
Use --wanted_altloc to set variants for specific residues.


