{
  "created_utc": "2026-09-30T10:58:34.422246+00:00",
  "frozen_input": "$COMPUTE\\reproducible_package\\science\\R2\\evidence\\03_compute\\ranking_formal_v2_16698",
  "frozen_file_sha256": {
    "all_predictions.csv": "79b775967bfc87ded9a07aae03549c9233691ec4fc3375a2c2662b64ee4b2841",
    "arm_assignments.csv": "1eb0908109108bba2507efa39e46f7a4561e63bf4d161309175f590b25f3b9ce",
    "freeze.json": "93d6bddeaa1a8ff716ef59b0c0e5d764f09ef88980f903252951a3b52454185f"
  },
  "ai_attempts_file": "$COMPUTE\\reproducible_package\\science\\R2\\evidence\\05_independent_audit\\AI_initial_60_independent_outcomes.csv",
  "ai_attempts_sha256": "48484f8f50a151603636837d5a1dbc55d0e8e0d9b1adb346258312a5853e5646",
  "ai_attempts_manifest_sha256": "5afcf2d819d45059c85f1ea8475bc284faefbb0e9f182bf89c59a192bb238405",
  "independent_qc_pass_training_count": 60,
  "charge_warning_ids_sha256": "f1a83142364dac1a1dc2bbe58cb67c4158acf93c9ba6f9ebc2b94e6f46946f73",
  "qc_passing_charge_warning_training_ids": [
    "LIB_PLFCIUGPHZFBAC"
  ],
  "ai_initial_failed_or_qc_failed_cost_count": 0,
  "historical_training_count": 935,
  "total_training_count": 995,
  "unqueried_eligible_count": 9038,
  "selected_count": 60,
  "selection_rule": "mean ExtraTrees score minus 0.5 tree SD, ascending, compound ID ties",
  "labels_used": "935 historical QC scores plus independently QC-passing AI_initial scores only",
  "other_arms_actual_scores_read": false,
  "model_seed": 20260929,
  "chemical_identity_rule_version": "exchangeable_tertiary_ring_NH_and_full_potential_stereo_v3_20260929",
  "software": {
    "rdkit": "2025.09.6",
    "sklearn": "1.7.2"
  },
  "output_sha256": {
    "active_predictions_all_eligible.csv": "4ff78ae04b87ab4f0c86fcb46f7bc672c8aafa7f783c1667b861b93eec13385a",
    "AI_active_60.csv": "bd50bc8de9433b4b7dcade109355822cac0439308f761ba7e72c2f850cbe5183"
  },
  "wall_seconds": 12.320284700021148
}
