[
  {
    "arm": "random",
    "attempted": 120,
    "qc_pass": 120,
    "preparation_failed": 0,
    "docking_failed": 0,
    "independent_qc_failed": 0,
    "favorable_score": 36,
    "favorable_score_per_attempt": 0.3,
    "middle_contact_4A": 91,
    "favorable_and_middle_contact": 29,
    "rule_abs_charge_ge2": 22,
    "historical_scaffold_seen": 7,
    "ood_tanimoto_below_0p3": 76,
    "sum_preparation_wall_seconds": 104.115,
    "sum_docking_wall_seconds": 3606.927,
    "sum_docking_awake_wall_seconds": 3606.927,
    "sum_docking_requested_cpu_seconds": 7213.854
  },
  {
    "arm": "descriptor_ridge",
    "attempted": 120,
    "qc_pass": 120,
    "preparation_failed": 0,
    "docking_failed": 0,
    "independent_qc_failed": 0,
    "favorable_score": 86,
    "favorable_score_per_attempt": 0.7166666666666667,
    "middle_contact_4A": 119,
    "favorable_and_middle_contact": 85,
    "rule_abs_charge_ge2": 22,
    "historical_scaffold_seen": 1,
    "ood_tanimoto_below_0p3": 106,
    "sum_preparation_wall_seconds": 288.641,
    "sum_docking_wall_seconds": 29617.437,
    "sum_docking_awake_wall_seconds": 13087.437,
    "sum_docking_requested_cpu_seconds": 26174.874
  },
  {
    "arm": "AI",
    "attempted": 120,
    "qc_pass": 120,
    "preparation_failed": 0,
    "docking_failed": 0,
    "independent_qc_failed": 0,
    "favorable_score": 115,
    "favorable_score_per_attempt": 0.9583333333333334,
    "middle_contact_4A": 107,
    "favorable_and_middle_contact": 103,
    "rule_abs_charge_ge2": 13,
    "historical_scaffold_seen": 8,
    "ood_tanimoto_below_0p3": 66,
    "sum_preparation_wall_seconds": 160.966,
    "sum_docking_wall_seconds": 17462.249,
    "sum_docking_awake_wall_seconds": 9197.249,
    "sum_docking_requested_cpu_seconds": 18394.498
  }
]
