AutoDock Vina v1.2.7
#################################################################
# If you used AutoDock Vina in your work, please cite:          #
#                                                               #
# J. Eberhardt, D. Santos-Martins, A. F. Tillack, and S. Forli  #
# AutoDock Vina 1.2.0: New Docking Methods, Expanded Force      #
# Field, and Python Bindings, J. Chem. Inf. Model. (2021)       #
# DOI 10.1021/acs.jcim.1c00203                                  #
#                                                               #
# O. Trott, A. J. Olson,                                        #
# AutoDock Vina: improving the speed and accuracy of docking    #
# with a new scoring function, efficient optimization and       #
# multithreading, J. Comp. Chem. (2010)                         #
# DOI 10.1002/jcc.21334                                         #
#                                                               #
# Please see https://github.com/ccsb-scripps/AutoDock-Vina for  #
# more information.                                             #
#################################################################

Scoring function : vina
Rigid receptor: <NEW_CONDITION_ROOT>\internal\receptors\W_7USX_LOCAL_COMPLETE.pdbqt
Ligand: <NEW_CONDITION_ROOT>\raw_runs\worm_X11\ligands\LIB_MYAFDHCCQBIZLC.pdbqt
Grid center: X 136.511 Y 174.423 Z 172.819
Grid size  : X 33.721 Y 32.575 Z 26.328
Grid space : 0.375
Exhaustiveness: 8
CPU: 2
Verbosity: 1

WARNING: Search space volume is greater than 27000 Angstrom^3 (See FAQ)
Computing Vina grid ... done.
Performing docking (random seed: 20260927) ... 
0%   10   20   30   40   50   60   70   80   90   100%
|----|----|----|----|----|----|----|----|----|----|
***************************************************

mode |   affinity | dist from best mode
     | (kcal/mol) | rmsd l.b.| rmsd u.b.
-----+------------+----------+----------
   1       -9.081          0          0
   2       -9.046       2.91       5.65
   3       -9.018      3.215      5.746
   4       -8.636       4.34      9.595
   5       -8.531      4.767      9.933
   6       -8.472      4.541       9.73
   7       -8.467      4.594      10.19
   8       -8.452      4.357      10.17
   9       -8.408      6.814      10.55
