AutoDock Vina v1.2.7
#################################################################
# If you used AutoDock Vina in your work, please cite:          #
#                                                               #
# J. Eberhardt, D. Santos-Martins, A. F. Tillack, and S. Forli  #
# AutoDock Vina 1.2.0: New Docking Methods, Expanded Force      #
# Field, and Python Bindings, J. Chem. Inf. Model. (2021)       #
# DOI 10.1021/acs.jcim.1c00203                                  #
#                                                               #
# O. Trott, A. J. Olson,                                        #
# AutoDock Vina: improving the speed and accuracy of docking    #
# with a new scoring function, efficient optimization and       #
# multithreading, J. Comp. Chem. (2010)                         #
# DOI 10.1002/jcc.21334                                         #
#                                                               #
# Please see https://github.com/ccsb-scripps/AutoDock-Vina for  #
# more information.                                             #
#################################################################

Scoring function : vina
Rigid receptor: [LOCAL_PATH_REMOVED]
Ligand: [LOCAL_PATH_REMOVED]
Grid center: X 2.3955 Y -12.9641 Z 0.9145
Grid size  : X 37.687 Y 31.3744 Z 31.1908
Grid space : 0.375
Exhaustiveness: 8
CPU: 2
Verbosity: 1

WARNING: Search space volume is greater than 27000 Angstrom^3 (See FAQ)
Computing Vina grid ... done.
Performing docking (random seed: 20260927) ... 
0%   10   20   30   40   50   60   70   80   90   100%
|----|----|----|----|----|----|----|----|----|----|
***************************************************

mode |   affinity | dist from best mode
     | (kcal/mol) | rmsd l.b.| rmsd u.b.
-----+------------+----------+----------
   1       -4.524          0          0
   2       -4.519      9.408      11.71
   3        -4.19      8.469       10.2
   4       -4.158       8.64      11.04
   5       -3.972      18.69      20.18
   6        -3.96      9.326      11.72
   7       -3.943      19.36      21.13
   8       -3.937      11.04      13.45
   9       -3.893      16.67      18.49
