AutoDock Vina v1.2.7
#################################################################
# If you used AutoDock Vina in your work, please cite:          #
#                                                               #
# J. Eberhardt, D. Santos-Martins, A. F. Tillack, and S. Forli  #
# AutoDock Vina 1.2.0: New Docking Methods, Expanded Force      #
# Field, and Python Bindings, J. Chem. Inf. Model. (2021)       #
# DOI 10.1021/acs.jcim.1c00203                                  #
#                                                               #
# O. Trott, A. J. Olson,                                        #
# AutoDock Vina: improving the speed and accuracy of docking    #
# with a new scoring function, efficient optimization and       #
# multithreading, J. Comp. Chem. (2010)                         #
# DOI 10.1002/jcc.21334                                         #
#                                                               #
# Please see https://github.com/ccsb-scripps/AutoDock-Vina for  #
# more information.                                             #
#################################################################

Scoring function : vina
Rigid receptor: [LOCAL_PATH_REMOVED]
Ligand: [LOCAL_PATH_REMOVED]
Grid center: X 2.3955 Y -12.9641 Z 0.9145
Grid size  : X 37.687 Y 31.3744 Z 31.1908
Grid space : 0.375
Exhaustiveness: 8
CPU: 2
Verbosity: 1

WARNING: Search space volume is greater than 27000 Angstrom^3 (See FAQ)
Computing Vina grid ... done.
Performing docking (random seed: 20260927) ... 
0%   10   20   30   40   50   60   70   80   90   100%
|----|----|----|----|----|----|----|----|----|----|
***************************************************

mode |   affinity | dist from best mode
     | (kcal/mol) | rmsd l.b.| rmsd u.b.
-----+------------+----------+----------
   1       -9.705          0          0
   2       -9.704       8.03      12.22
   3       -9.621      2.507      3.629
   4       -9.617      7.302      12.23
   5        -9.57      5.697      10.07
   6       -9.528      1.474      1.725
   7       -9.442      2.411       4.17
   8       -9.383      2.297      2.514
   9       -9.343      3.614      10.52
