AutoDock Vina v1.2.7
#################################################################
# If you used AutoDock Vina in your work, please cite:          #
#                                                               #
# J. Eberhardt, D. Santos-Martins, A. F. Tillack, and S. Forli  #
# AutoDock Vina 1.2.0: New Docking Methods, Expanded Force      #
# Field, and Python Bindings, J. Chem. Inf. Model. (2021)       #
# DOI 10.1021/acs.jcim.1c00203                                  #
#                                                               #
# O. Trott, A. J. Olson,                                        #
# AutoDock Vina: improving the speed and accuracy of docking    #
# with a new scoring function, efficient optimization and       #
# multithreading, J. Comp. Chem. (2010)                         #
# DOI 10.1002/jcc.21334                                         #
#                                                               #
# Please see https://github.com/ccsb-scripps/AutoDock-Vina for  #
# more information.                                             #
#################################################################

Scoring function : vina
Rigid receptor: <NEW_CONDITION_ROOT>\internal\receptors\W_7USX_LOCAL_COMPLETE.pdbqt
Ligand: <NEW_CONDITION_ROOT>\raw_runs\worm_X11\ligands\LIB_ZNDXPRCORYDEAP.pdbqt
Grid center: X 136.511 Y 174.423 Z 172.819
Grid size  : X 33.721 Y 32.575 Z 26.328
Grid space : 0.375
Exhaustiveness: 8
CPU: 2
Verbosity: 1

WARNING: Search space volume is greater than 27000 Angstrom^3 (See FAQ)
Computing Vina grid ... done.
Performing docking (random seed: 20260927) ... 
0%   10   20   30   40   50   60   70   80   90   100%
|----|----|----|----|----|----|----|----|----|----|
***************************************************

mode |   affinity | dist from best mode
     | (kcal/mol) | rmsd l.b.| rmsd u.b.
-----+------------+----------+----------
   1       -9.336          0          0
   2        -9.31      17.54      19.95
   3       -9.093      2.271      3.652
   4        -9.08      1.492      2.084
   5       -9.068      20.03      22.45
   6       -8.785        2.8      4.094
   7        -8.74      4.869      10.16
   8       -8.729      5.173      10.74
   9       -8.593      5.328      10.95
