AutoDock Vina v1.2.7
#################################################################
# If you used AutoDock Vina in your work, please cite:          #
#                                                               #
# J. Eberhardt, D. Santos-Martins, A. F. Tillack, and S. Forli  #
# AutoDock Vina 1.2.0: New Docking Methods, Expanded Force      #
# Field, and Python Bindings, J. Chem. Inf. Model. (2021)       #
# DOI 10.1021/acs.jcim.1c00203                                  #
#                                                               #
# O. Trott, A. J. Olson,                                        #
# AutoDock Vina: improving the speed and accuracy of docking    #
# with a new scoring function, efficient optimization and       #
# multithreading, J. Comp. Chem. (2010)                         #
# DOI 10.1002/jcc.21334                                         #
#                                                               #
# Please see https://github.com/ccsb-scripps/AutoDock-Vina for  #
# more information.                                             #
#################################################################

Scoring function : vina
Rigid receptor: <NEW_CONDITION_ROOT>\internal\receptors\W_7USX_LOCAL_COMPLETE.pdbqt
Ligand: <NEW_CONDITION_ROOT>\raw_runs\worm_X11\ligands\REF_CHEMBL115.pdbqt
Grid center: X 136.511 Y 174.423 Z 172.819
Grid size  : X 33.721 Y 32.575 Z 26.328
Grid space : 0.375
Exhaustiveness: 8
CPU: 2
Verbosity: 1

WARNING: Search space volume is greater than 27000 Angstrom^3 (See FAQ)
Computing Vina grid ... done.
Performing docking (random seed: 20260927) ... 
0%   10   20   30   40   50   60   70   80   90   100%
|----|----|----|----|----|----|----|----|----|----|
***************************************************

mode |   affinity | dist from best mode
     | (kcal/mol) | rmsd l.b.| rmsd u.b.
-----+------------+----------+----------
   1       -7.996          0          0
   2       -7.944      2.254       4.95
   3       -7.943      22.33      26.76
   4       -7.874      5.445      9.614
   5       -7.696      4.691      9.627
   6       -7.427      2.222      4.738
   7       -7.254      5.469      8.221
   8       -7.241      16.12      18.65
   9       -7.085      14.06      17.53
