AutoDock Vina v1.2.7
#################################################################
# If you used AutoDock Vina in your work, please cite:          #
#                                                               #
# J. Eberhardt, D. Santos-Martins, A. F. Tillack, and S. Forli  #
# AutoDock Vina 1.2.0: New Docking Methods, Expanded Force      #
# Field, and Python Bindings, J. Chem. Inf. Model. (2021)       #
# DOI 10.1021/acs.jcim.1c00203                                  #
#                                                               #
# O. Trott, A. J. Olson,                                        #
# AutoDock Vina: improving the speed and accuracy of docking    #
# with a new scoring function, efficient optimization and       #
# multithreading, J. Comp. Chem. (2010)                         #
# DOI 10.1002/jcc.21334                                         #
#                                                               #
# Please see https://github.com/ccsb-scripps/AutoDock-Vina for  #
# more information.                                             #
#################################################################

Scoring function : vina
Rigid receptor: [LOCAL_PATH_REMOVED]
Ligand: [LOCAL_PATH_REMOVED]
Grid center: X 2.3955 Y -12.9641 Z 0.9145
Grid size  : X 37.687 Y 31.3744 Z 31.1908
Grid space : 0.375
Exhaustiveness: 8
CPU: 2
Verbosity: 1

WARNING: Search space volume is greater than 27000 Angstrom^3 (See FAQ)
Computing Vina grid ... done.
Performing docking (random seed: 20260927) ... 
0%   10   20   30   40   50   60   70   80   90   100%
|----|----|----|----|----|----|----|----|----|----|
***************************************************

mode |   affinity | dist from best mode
     | (kcal/mol) | rmsd l.b.| rmsd u.b.
-----+------------+----------+----------
   1       -6.749          0          0
   2       -6.647       2.33      6.576
   3       -6.585      3.654      6.784
   4       -6.553      6.482      11.54
   5       -6.531      4.973      8.268
   6        -6.41      3.644      6.333
   7       -6.264      3.711      7.336
   8       -6.162      2.959       6.23
   9       -6.123      3.609      6.826
