AutoDock Vina v1.2.7
#################################################################
# If you used AutoDock Vina in your work, please cite:          #
#                                                               #
# J. Eberhardt, D. Santos-Martins, A. F. Tillack, and S. Forli  #
# AutoDock Vina 1.2.0: New Docking Methods, Expanded Force      #
# Field, and Python Bindings, J. Chem. Inf. Model. (2021)       #
# DOI 10.1021/acs.jcim.1c00203                                  #
#                                                               #
# O. Trott, A. J. Olson,                                        #
# AutoDock Vina: improving the speed and accuracy of docking    #
# with a new scoring function, efficient optimization and       #
# multithreading, J. Comp. Chem. (2010)                         #
# DOI 10.1002/jcc.21334                                         #
#                                                               #
# Please see https://github.com/ccsb-scripps/AutoDock-Vina for  #
# more information.                                             #
#################################################################

Scoring function : vina
Rigid receptor: [LOCAL_PATH_REMOVED]
Ligand: [LOCAL_PATH_REMOVED]
Grid center: X 2.3955 Y -12.9641 Z 0.9145
Grid size  : X 37.687 Y 31.3744 Z 31.1908
Grid space : 0.375
Exhaustiveness: 8
CPU: 2
Verbosity: 1

WARNING: Search space volume is greater than 27000 Angstrom^3 (See FAQ)
Computing Vina grid ... done.
Performing docking (random seed: 20260927) ... 
0%   10   20   30   40   50   60   70   80   90   100%
|----|----|----|----|----|----|----|----|----|----|
***************************************************

mode |   affinity | dist from best mode
     | (kcal/mol) | rmsd l.b.| rmsd u.b.
-----+------------+----------+----------
   1       -8.373          0          0
   2       -8.189      7.973       11.7
   3       -8.121      7.995       11.3
   4       -8.094      8.705       13.6
   5       -8.061      7.962      12.17
   6        -8.01      8.425      11.07
   7       -7.993       6.38      10.87
   8       -7.992      8.437       13.5
   9       -7.779      7.395      10.62
